// Jest Snapshot v1, https://goo.gl/fbAQLP

exports[`Testing the Loader component Should match snapshot 1`] = `
<img
  alt="loader"
  className="loader "
  src="loader.svg"
/>
`;
